{
    "Parse_Samplesheet successfully creates read channels with lanes -- PE ChIP libraries w/ PE controls.": {
        "content": [
            {
                "0": [
                    [
                        {
                            "sampleName": "wt_ip1",
                            "lane": "001",
                            "replicate": "1",
                            "target": "FLAG-IP1",
                            "controlType": "input",
                            "trimStatus": "raw",
                            "mode": "chip",
                            "readType": "paired",
                            "rgFields": {
                                "ID": "wt_ip1.001",
                                "SM": "wt_ip1",
                                "LB": "wt_ip1",
                                "PL": "ILLUMINA"
                            }
                        },
                        "/utia-gc/ngs-test/raw/diff-chip-seq/reads/raw/wt_antiflag_ip1_rep1_S1_L001_R1_001.fastq.gz",
                        "/utia-gc/ngs-test/raw/diff-chip-seq/reads/raw/wt_antiflag_ip1_rep1_S1_L001_R2_001.fastq.gz"
                    ],
                    [
                        {
                            "sampleName": "wt_ip1",
                            "lane": "001",
                            "replicate": "1",
                            "target": "FLAG-IP1",
                            "controlType": "input",
                            "trimStatus": "raw",
                            "mode": "control",
                            "readType": "paired",
                            "rgFields": {
                                "ID": "wt_ip1.001",
                                "SM": "wt_ip1",
                                "LB": "wt_ip1",
                                "PL": "ILLUMINA"
                            }
                        },
                        "/utia-gc/ngs-test/raw/diff-chip-seq/reads/raw/wt_input_ip1_rep1_S1_L001_R1_001.fastq.gz",
                        "/utia-gc/ngs-test/raw/diff-chip-seq/reads/raw/wt_input_ip1_rep1_S1_L001_R2_001.fastq.gz"
                    ],
                    [
                        {
                            "sampleName": "wt_ip1",
                            "lane": "001",
                            "replicate": "2",
                            "target": "FLAG-IP1",
                            "controlType": "input",
                            "trimStatus": "raw",
                            "mode": "chip",
                            "readType": "paired",
                            "rgFields": {
                                "ID": "wt_ip1.001",
                                "SM": "wt_ip1",
                                "LB": "wt_ip1",
                                "PL": "ILLUMINA"
                            }
                        },
                        "/utia-gc/ngs-test/raw/diff-chip-seq/reads/raw/wt_antiflag_ip1_rep2_S1_L001_R1_001.fastq.gz",
                        "/utia-gc/ngs-test/raw/diff-chip-seq/reads/raw/wt_antiflag_ip1_rep2_S1_L001_R2_001.fastq.gz"
                    ],
                    [
                        {
                            "sampleName": "wt_ip1",
                            "lane": "001",
                            "replicate": "2",
                            "target": "FLAG-IP1",
                            "controlType": "input",
                            "trimStatus": "raw",
                            "mode": "control",
                            "readType": "paired",
                            "rgFields": {
                                "ID": "wt_ip1.001",
                                "SM": "wt_ip1",
                                "LB": "wt_ip1",
                                "PL": "ILLUMINA"
                            }
                        },
                        "/utia-gc/ngs-test/raw/diff-chip-seq/reads/raw/wt_input_ip1_rep2_S1_L001_R1_001.fastq.gz",
                        "/utia-gc/ngs-test/raw/diff-chip-seq/reads/raw/wt_input_ip1_rep2_S1_L001_R2_001.fastq.gz"
                    ]
                ],
                "samples": [
                    [
                        {
                            "sampleName": "wt_ip1",
                            "lane": "001",
                            "replicate": "1",
                            "target": "FLAG-IP1",
                            "controlType": "input",
                            "trimStatus": "raw",
                            "mode": "chip",
                            "readType": "paired",
                            "rgFields": {
                                "ID": "wt_ip1.001",
                                "SM": "wt_ip1",
                                "LB": "wt_ip1",
                                "PL": "ILLUMINA"
                            }
                        },
                        "/utia-gc/ngs-test/raw/diff-chip-seq/reads/raw/wt_antiflag_ip1_rep1_S1_L001_R1_001.fastq.gz",
                        "/utia-gc/ngs-test/raw/diff-chip-seq/reads/raw/wt_antiflag_ip1_rep1_S1_L001_R2_001.fastq.gz"
                    ],
                    [
                        {
                            "sampleName": "wt_ip1",
                            "lane": "001",
                            "replicate": "1",
                            "target": "FLAG-IP1",
                            "controlType": "input",
                            "trimStatus": "raw",
                            "mode": "control",
                            "readType": "paired",
                            "rgFields": {
                                "ID": "wt_ip1.001",
                                "SM": "wt_ip1",
                                "LB": "wt_ip1",
                                "PL": "ILLUMINA"
                            }
                        },
                        "/utia-gc/ngs-test/raw/diff-chip-seq/reads/raw/wt_input_ip1_rep1_S1_L001_R1_001.fastq.gz",
                        "/utia-gc/ngs-test/raw/diff-chip-seq/reads/raw/wt_input_ip1_rep1_S1_L001_R2_001.fastq.gz"
                    ],
                    [
                        {
                            "sampleName": "wt_ip1",
                            "lane": "001",
                            "replicate": "2",
                            "target": "FLAG-IP1",
                            "controlType": "input",
                            "trimStatus": "raw",
                            "mode": "chip",
                            "readType": "paired",
                            "rgFields": {
                                "ID": "wt_ip1.001",
                                "SM": "wt_ip1",
                                "LB": "wt_ip1",
                                "PL": "ILLUMINA"
                            }
                        },
                        "/utia-gc/ngs-test/raw/diff-chip-seq/reads/raw/wt_antiflag_ip1_rep2_S1_L001_R1_001.fastq.gz",
                        "/utia-gc/ngs-test/raw/diff-chip-seq/reads/raw/wt_antiflag_ip1_rep2_S1_L001_R2_001.fastq.gz"
                    ],
                    [
                        {
                            "sampleName": "wt_ip1",
                            "lane": "001",
                            "replicate": "2",
                            "target": "FLAG-IP1",
                            "controlType": "input",
                            "trimStatus": "raw",
                            "mode": "control",
                            "readType": "paired",
                            "rgFields": {
                                "ID": "wt_ip1.001",
                                "SM": "wt_ip1",
                                "LB": "wt_ip1",
                                "PL": "ILLUMINA"
                            }
                        },
                        "/utia-gc/ngs-test/raw/diff-chip-seq/reads/raw/wt_input_ip1_rep2_S1_L001_R1_001.fastq.gz",
                        "/utia-gc/ngs-test/raw/diff-chip-seq/reads/raw/wt_input_ip1_rep2_S1_L001_R2_001.fastq.gz"
                    ]
                ]
            }
        ],
        "meta": {
            "nf-test": "0.9.0",
            "nextflow": "23.10.1"
        },
        "timestamp": "2024-09-05T14:46:13.291739899"
    }
}