{
    "CALL_PEAKS calls peaks for paired ChIP and Input files -- macs3.": {
        "content": [
            {
                "0": [
                    [
                        {
                            "sampleName": "wt_ip1",
                            "replicate": "1",
                            "target": "FLAG-IP1",
                            "controlType": "input",
                            "readType": "paired",
                            "rgFields": "[ID:wt_ip1.001, SM:wt_ip1, LB:wt_ip1, PL:ILLUMINA]"
                        },
                        "wt_ip1_FLAG-IP1-vs-input_rep1_peaks.xls:md5,f7e75b4108eddc22a190c884aa97f402"
                    ],
                    [
                        {
                            "sampleName": "wt_ip1",
                            "replicate": "2",
                            "target": "FLAG-IP1",
                            "controlType": "input",
                            "readType": "paired",
                            "rgFields": "[ID:wt_ip1.001, SM:wt_ip1, LB:wt_ip1, PL:ILLUMINA]"
                        },
                        "wt_ip1_FLAG-IP1-vs-input_rep2_peaks.xls:md5,26999449f557f8462973464a3a362e5f"
                    ]
                ],
                "callPeaksLog": [
                    [
                        {
                            "sampleName": "wt_ip1",
                            "replicate": "1",
                            "target": "FLAG-IP1",
                            "controlType": "input",
                            "readType": "paired",
                            "rgFields": "[ID:wt_ip1.001, SM:wt_ip1, LB:wt_ip1, PL:ILLUMINA]"
                        },
                        "wt_ip1_FLAG-IP1-vs-input_rep1_peaks.xls:md5,f7e75b4108eddc22a190c884aa97f402"
                    ],
                    [
                        {
                            "sampleName": "wt_ip1",
                            "replicate": "2",
                            "target": "FLAG-IP1",
                            "controlType": "input",
                            "readType": "paired",
                            "rgFields": "[ID:wt_ip1.001, SM:wt_ip1, LB:wt_ip1, PL:ILLUMINA]"
                        },
                        "wt_ip1_FLAG-IP1-vs-input_rep2_peaks.xls:md5,26999449f557f8462973464a3a362e5f"
                    ]
                ]
            }
        ],
        "meta": {
            "nf-test": "0.9.0",
            "nextflow": "23.10.1"
        },
        "timestamp": "2024-09-15T18:16:26.814273425"
    }
}